[debug] [2026-08-07T17:15:25.977Z] ----------------------------------------------------------------------
[debug] [2026-08-07T17:15:25.978Z] Command:       D:\Programs\nodejs\node.exe C:\Users\Michael\AppData\Roaming\npm\node_modules\firebase-tools\lib\bin\firebase.js deploy --only functions:createListingCheckoutSession
[debug] [2026-08-07T17:15:25.979Z] CLI Version:   15.20.0
[debug] [2026-08-07T17:15:25.979Z] Platform:      win32
[debug] [2026-08-07T17:15:25.979Z] Node Version:  v24.15.0
[debug] [2026-08-07T17:15:25.979Z] Time:          Fri Aug 07 2026 13:15:25 GMT-0400 (Eastern Daylight Time)
[debug] [2026-08-07T17:15:25.979Z] ----------------------------------------------------------------------
[debug] 
[debug] [2026-08-07T17:15:26.870Z] > command requires scopes: ["email","openid","https://www.googleapis.com/auth/cloudplatformprojects.readonly","https://www.googleapis.com/auth/firebase","https://www.googleapis.com/auth/cloud-platform"]
[debug] [2026-08-07T17:15:26.871Z] > authorizing via signed-in user (mschlott61@gmail.com)
[debug] [2026-08-07T17:15:26.871Z] [iam] checking project real-estate-dev-c4a6d for permissions ["cloudfunctions.functions.create","cloudfunctions.functions.delete","cloudfunctions.functions.get","cloudfunctions.functions.list","cloudfunctions.functions.update","cloudfunctions.operations.get","firebase.projects.get"]
[debug] [2026-08-07T17:15:26.872Z] Checked if tokens are valid: true, expires at: 1786126465891
[debug] [2026-08-07T17:15:26.872Z] Checked if tokens are valid: true, expires at: 1786126465891
[debug] [2026-08-07T17:15:26.872Z] >>> [apiv2][query] POST https://cloudresourcemanager.googleapis.com/v1/projects/real-estate-dev-c4a6d:testIamPermissions [none]
[debug] [2026-08-07T17:15:26.872Z] >>> [apiv2][(partial)header] POST https://cloudresourcemanager.googleapis.com/v1/projects/real-estate-dev-c4a6d:testIamPermissions  x-goog-user-project=real-estate-dev-c4a6d
[debug] [2026-08-07T17:15:26.872Z] >>> [apiv2][body] POST https://cloudresourcemanager.googleapis.com/v1/projects/real-estate-dev-c4a6d:testIamPermissions {"permissions":["cloudfunctions.functions.create","cloudfunctions.functions.delete","cloudfunctions.functions.get","cloudfunctions.functions.list","cloudfunctions.functions.update","cloudfunctions.operations.get","firebase.projects.get"]}
[debug] [2026-08-07T17:15:27.071Z] <<< [apiv2][status] POST https://cloudresourcemanager.googleapis.com/v1/projects/real-estate-dev-c4a6d:testIamPermissions 200
[debug] [2026-08-07T17:15:27.072Z] <<< [apiv2][body] POST https://cloudresourcemanager.googleapis.com/v1/projects/real-estate-dev-c4a6d:testIamPermissions {"permissions":["cloudfunctions.functions.create","cloudfunctions.functions.delete","cloudfunctions.functions.get","cloudfunctions.functions.list","cloudfunctions.functions.update","cloudfunctions.operations.get","firebase.projects.get"]}
[debug] [2026-08-07T17:15:27.072Z] Checked if tokens are valid: true, expires at: 1786126465891
[debug] [2026-08-07T17:15:27.072Z] Checked if tokens are valid: true, expires at: 1786126465891
[debug] [2026-08-07T17:15:27.072Z] >>> [apiv2][query] POST https://iam.googleapis.com/v1/projects/real-estate-dev-c4a6d/serviceAccounts/real-estate-dev-c4a6d@appspot.gserviceaccount.com:testIamPermissions [none]
[debug] [2026-08-07T17:15:27.072Z] >>> [apiv2][body] POST https://iam.googleapis.com/v1/projects/real-estate-dev-c4a6d/serviceAccounts/real-estate-dev-c4a6d@appspot.gserviceaccount.com:testIamPermissions {"permissions":["iam.serviceAccounts.actAs"]}
[debug] [2026-08-07T17:15:27.250Z] <<< [apiv2][status] POST https://iam.googleapis.com/v1/projects/real-estate-dev-c4a6d/serviceAccounts/real-estate-dev-c4a6d@appspot.gserviceaccount.com:testIamPermissions 200
[debug] [2026-08-07T17:15:27.250Z] <<< [apiv2][body] POST https://iam.googleapis.com/v1/projects/real-estate-dev-c4a6d/serviceAccounts/real-estate-dev-c4a6d@appspot.gserviceaccount.com:testIamPermissions {"permissions":["iam.serviceAccounts.actAs"]}
[info] 
[info] === Deploying to 'real-estate-dev-c4a6d'...
[info] 
[info] i  deploying functions 
[info] Running command: npm --prefix "$RESOURCE_DIR" run build
[info] +  functions: Finished running predeploy script. 
[debug] [2026-08-07T17:15:30.537Z] Checked if tokens are valid: true, expires at: 1786126465891
[debug] [2026-08-07T17:15:30.537Z] Checked if tokens are valid: true, expires at: 1786126465891
[debug] [2026-08-07T17:15:30.537Z] >>> [apiv2][query] GET https://cloudresourcemanager.googleapis.com/v1/projects/real-estate-dev-c4a6d [none]
[debug] [2026-08-07T17:15:30.638Z] <<< [apiv2][status] GET https://cloudresourcemanager.googleapis.com/v1/projects/real-estate-dev-c4a6d 200
[debug] [2026-08-07T17:15:30.638Z] <<< [apiv2][body] GET https://cloudresourcemanager.googleapis.com/v1/projects/real-estate-dev-c4a6d {"projectNumber":"875026004917","projectId":"real-estate-dev-c4a6d","lifecycleState":"ACTIVE","name":"Real Estate Dev","labels":{"firebase":"enabled","firebase-core":"disabled"},"createTime":"2026-07-25T13:34:52.253Z"}
[info] i  functions: preparing codebase default for deployment 
[info] i  functions: ensuring required API cloudfunctions.googleapis.com is enabled... 
[info] i  functions: ensuring required API cloudbuild.googleapis.com is enabled... 
[info] i  artifactregistry: ensuring required API artifactregistry.googleapis.com is enabled... 
[debug] [2026-08-07T17:15:30.641Z] Checked if tokens are valid: true, expires at: 1786126465891
[debug] [2026-08-07T17:15:30.641Z] Checked if tokens are valid: true, expires at: 1786126465891
[debug] [2026-08-07T17:15:30.641Z] >>> [apiv2][query] GET https://firebase.googleapis.com/v1beta1/projects/real-estate-dev-c4a6d/adminSdkConfig [none]
[debug] [2026-08-07T17:15:31.126Z] <<< [apiv2][status] GET https://firebase.googleapis.com/v1beta1/projects/real-estate-dev-c4a6d/adminSdkConfig 200
[debug] [2026-08-07T17:15:31.126Z] <<< [apiv2][body] GET https://firebase.googleapis.com/v1beta1/projects/real-estate-dev-c4a6d/adminSdkConfig {"projectId":"real-estate-dev-c4a6d","storageBucket":"real-estate-dev-c4a6d.firebasestorage.app"}
[debug] [2026-08-07T17:15:31.128Z] Validating nodejs source
[debug] [2026-08-07T17:15:31.729Z] > [functions] package.json contents: {
  "name": "functions",
  "scripts": {
    "lint": "eslint --ext .js,.ts .",
    "build": "tsc",
    "build:watch": "tsc --watch",
    "serve": "npm run build && firebase emulators:start --only functions",
    "shell": "npm run build && firebase functions:shell",
    "start": "npm run shell",
    "deploy": "firebase deploy --only functions",
    "logs": "firebase functions:log"
  },
  "engines": {
    "node": "24"
  },
  "main": "lib/index.js",
  "dependencies": {
    "@sendgrid/mail": "^8.1.6",
    "firebase-admin": "^13.6.0",
    "firebase-functions": "^7.0.0",
    "stripe": "^22.4.0"
  },
  "devDependencies": {
    "@typescript-eslint/eslint-plugin": "^5.12.0",
    "@typescript-eslint/parser": "^5.12.0",
    "eslint": "^8.9.0",
    "eslint-config-google": "^0.14.0",
    "eslint-plugin-import": "^2.25.4",
    "firebase-functions-test": "^3.4.1",
    "typescript": "^6.0.0"
  },
  "private": true
}
[debug] [2026-08-07T17:15:31.730Z] Building nodejs source
[info] i  functions: Loading and analyzing source code for codebase default to determine what to deploy 
[debug] [2026-08-07T17:15:31.730Z] Could not find functions.yaml. Must use http discovery
[debug] [2026-08-07T17:15:31.735Z] Found firebase-functions binary at 'D:\Projects\real-estate\functions\node_modules\.bin\firebase-functions'
[info] Serving at port 8283

[debug] [2026-08-07T17:15:32.171Z] Got response from /__/functions.yaml {"endpoints":{"sendOtp":{"availableMemoryMb":256,"timeoutSeconds":60,"minInstances":null,"maxInstances":10,"ingressSettings":null,"concurrency":null,"serviceAccountEmail":null,"vpc":null,"platform":"gcfv2","region":["us-east1"],"secretEnvironmentVariables":[{"key":"SENDGRID_API_KEY"},{"key":"OTP_HASH_SECRET"}],"labels":{},"callableTrigger":{},"entryPoint":"sendOtp"},"verifyOtp":{"availableMemoryMb":256,"timeoutSeconds":60,"minInstances":null,"maxInstances":10,"ingressSettings":null,"concurrency":null,"serviceAccountEmail":null,"vpc":null,"platform":"gcfv2","region":["us-east1"],"secretEnvironmentVariables":[{"key":"OTP_HASH_SECRET"}],"labels":{},"callableTrigger":{},"entryPoint":"verifyOtp"},"createIdentityVerificationSession":{"availableMemoryMb":256,"timeoutSeconds":60,"minInstances":null,"maxInstances":10,"ingressSettings":null,"concurrency":null,"serviceAccountEmail":null,"vpc":null,"platform":"gcfv2","region":["us-east1"],"secretEnvironmentVariables":[{"key":"STRIPE_SECRET_KEY"}],"labels":{},"callableTrigger":{},"entryPoint":"createIdentityVerificationSession"},"stripeIdentityWebhook":{"availableMemoryMb":256,"timeoutSeconds":60,"minInstances":null,"maxInstances":10,"ingressSettings":null,"concurrency":null,"serviceAccountEmail":null,"vpc":null,"platform":"gcfv2","region":["us-east1"],"secretEnvironmentVariables":[{"key":"STRIPE_SECRET_KEY"},{"key":"STRIPE_IDENTITY_WEBHOOK_SECRET"}],"labels":{},"httpsTrigger":{},"entryPoint":"stripeIdentityWebhook"},"validateDiscountCode":{"availableMemoryMb":null,"timeoutSeconds":null,"minInstances":null,"maxInstances":10,"ingressSettings":null,"concurrency":null,"serviceAccountEmail":null,"vpc":null,"platform":"gcfv2","region":["us-east1"],"labels":{},"callableTrigger":{},"entryPoint":"validateDiscountCode"},"createListingCheckoutSession":{"availableMemoryMb":256,"timeoutSeconds":60,"minInstances":null,"maxInstances":10,"ingressSettings":null,"concurrency":null,"serviceAccountEmail":null,"vpc":null,"platform":"gcfv2","region":["us-east1"],"secretEnvironmentVariables":[{"key":"STRIPE_SECRET_KEY"}],"labels":{},"callableTrigger":{},"entryPoint":"createListingCheckoutSession"}},"specVersion":"v1alpha1","requiredAPIs":[],"extensions":{},"params":[{"name":"OTP_SENDGRID_TEMPLATE_ID","type":"string"},{"type":"secret","name":"SENDGRID_API_KEY"},{"type":"secret","name":"OTP_HASH_SECRET"},{"name":"OTP_FROM_EMAIL","type":"string"},{"name":"OTP_FROM_NAME","type":"string","default":"NavStreet"},{"type":"secret","name":"STRIPE_IDENTITY_WEBHOOK_SECRET"},{"type":"secret","name":"STRIPE_SECRET_KEY"}]}
[debug] [2026-08-07T17:15:36.210Z] Checked if tokens are valid: true, expires at: 1786126465891
[debug] [2026-08-07T17:15:36.211Z] Checked if tokens are valid: true, expires at: 1786126465891
[debug] [2026-08-07T17:15:36.211Z] >>> [apiv2][query] GET https://cloudfunctions.googleapis.com/v1/projects/real-estate-dev-c4a6d/locations/-/functions [none]
[debug] [2026-08-07T17:15:36.934Z] <<< [apiv2][status] GET https://cloudfunctions.googleapis.com/v1/projects/real-estate-dev-c4a6d/locations/-/functions 200
[debug] [2026-08-07T17:15:36.934Z] <<< [apiv2][body] GET https://cloudfunctions.googleapis.com/v1/projects/real-estate-dev-c4a6d/locations/-/functions {}
[debug] [2026-08-07T17:15:36.935Z] Checked if tokens are valid: true, expires at: 1786126465891
[debug] [2026-08-07T17:15:36.935Z] Checked if tokens are valid: true, expires at: 1786126465891
[debug] [2026-08-07T17:15:36.935Z] >>> [apiv2][query] GET https://cloudfunctions.googleapis.com/v2/projects/real-estate-dev-c4a6d/locations/-/functions filter=environment%3D%22GEN_2%22
[debug] [2026-08-07T17:15:37.411Z] <<< [apiv2][status] GET https://cloudfunctions.googleapis.com/v2/projects/real-estate-dev-c4a6d/locations/-/functions 200
[debug] [2026-08-07T17:15:37.412Z] <<< [apiv2][body] GET https://cloudfunctions.googleapis.com/v2/projects/real-estate-dev-c4a6d/locations/-/functions {"functions":[{"name":"projects/real-estate-dev-c4a6d/locations/us-east1/functions/verifyOtp","buildConfig":{"build":"projects/875026004917/locations/us-east1/builds/65f4e871-2afa-4a73-822f-eb3092c7142d","runtime":"nodejs24","entryPoint":"verifyOtp","source":{"storageSource":{"bucket":"gcf-v2-sources-875026004917-us-east1","object":"verifyOtp/function-source.zip","generation":"1785682576877785"}},"environmentVariables":{"GOOGLE_NODE_RUN_SCRIPTS":""},"dockerRepository":"projects/real-estate-dev-c4a6d/locations/us-east1/repositories/gcf-artifacts","sourceProvenance":{"resolvedStorageSource":{"bucket":"gcf-v2-sources-875026004917-us-east1","object":"verifyOtp/function-source.zip","generation":"1785682576877785"}},"dockerRegistry":"ARTIFACT_REGISTRY","serviceAccount":"projects/real-estate-dev-c4a6d/serviceAccounts/875026004917-compute@developer.gserviceaccount.com","automaticUpdatePolicy":{}},"serviceConfig":{"service":"projects/real-estate-dev-c4a6d/locations/us-east1/services/verifyotp","timeoutSeconds":60,"environmentVariables":{"OTP_FROM_EMAIL":"mschlotthauer@iloanfund.com","OTP_FROM_NAME":"NavStreet","OTP_SENDGRID_TEMPLATE_ID":"d-207b60d4a2ca4315a25d7a37d784c0d2","FIREBASE_CONFIG":"{\"projectId\":\"real-estate-dev-c4a6d\",\"storageBucket\":\"real-estate-dev-c4a6d.firebasestorage.app\"}","GCLOUD_PROJECT":"real-estate-dev-c4a6d","EVENTARC_CLOUD_EVENT_SOURCE":"projects/real-estate-dev-c4a6d/locations/us-east1/services/verifyOtp","FUNCTION_TARGET":"verifyOtp","LOG_EXECUTION_ID":"true","FUNCTION_SIGNATURE_TYPE":"http"},"maxInstanceCount":10,"ingressSettings":"ALLOW_ALL","uri":"https://verifyotp-4cgtm2miea-ue.a.run.app","serviceAccountEmail":"875026004917-compute@developer.gserviceaccount.com","availableMemory":"256Mi","allTrafficOnLatestRevision":true,"secretEnvironmentVariables":[{"key":"OTP_HASH_SECRET","projectId":"real-estate-dev-c4a6d","secret":"OTP_HASH_SECRET","version":"1"}],"revision":"verifyotp-00002-cey","maxInstanceRequestConcurrency":80,"availableCpu":"1"},"state":"ACTIVE","updateTime":"2026-08-02T14:56:24.057445739Z","labels":{"deployment-tool":"cli-firebase","deployment-callable":"true","firebase-functions-hash":"6f5a0ab148bba66c885c3d5cf7308e759a342fae"},"environment":"GEN_2","url":"https://us-east1-real-estate-dev-c4a6d.cloudfunctions.net/verifyOtp","createTime":"2026-07-29T13:04:15.880958947Z","satisfiesPzi":true},{"name":"projects/real-estate-dev-c4a6d/locations/us-east1/functions/createListingCheckoutSession","serviceConfig":{"service":"projects/real-estate-dev-c4a6d/locations/us-east1/services/createlistingcheckoutsession"},"state":"DEPLOYING","updateTime":"2026-08-07T17:14:41.921774620Z","labels":{"firebase-functions-hash":"5ae1194cfeef6ddb25047c9e91d20002c7eaed0e","deployment-tool":"cli-firebase","deployment-callable":"true"},"environment":"GEN_2"},{"name":"projects/real-estate-dev-c4a6d/locations/us-east1/functions/stripeIdentityWebhook","buildConfig":{"build":"projects/875026004917/locations/us-east1/builds/acffd024-ca43-4db7-b078-2d62caf065a8","runtime":"nodejs24","entryPoint":"stripeIdentityWebhook","source":{"storageSource":{"bucket":"gcf-v2-sources-875026004917-us-east1","object":"stripeIdentityWebhook/function-source.zip","generation":"1786116312131644"}},"environmentVariables":{"GOOGLE_NODE_RUN_SCRIPTS":""},"dockerRepository":"projects/real-estate-dev-c4a6d/locations/us-east1/repositories/gcf-artifacts","sourceProvenance":{"resolvedStorageSource":{"bucket":"gcf-v2-sources-875026004917-us-east1","object":"stripeIdentityWebhook/function-source.zip","generation":"1786116312131644"}},"dockerRegistry":"ARTIFACT_REGISTRY","serviceAccount":"projects/real-estate-dev-c4a6d/serviceAccounts/875026004917-compute@developer.gserviceaccount.com","automaticUpdatePolicy":{}},"serviceConfig":{"service":"projects/real-estate-dev-c4a6d/locations/us-east1/services/stripeidentitywebhook","timeoutSeconds":60,"environmentVariables":{"OTP_FROM_EMAIL":"mschlotthauer@iloanfund.com","OTP_FROM_NAME":"NavStreet","OTP_SENDGRID_TEMPLATE_ID":"d-207b60d4a2ca4315a25d7a37d784c0d2","FIREBASE_CONFIG":"{\"projectId\":\"real-estate-dev-c4a6d\",\"storageBucket\":\"real-estate-dev-c4a6d.firebasestorage.app\"}","GCLOUD_PROJECT":"real-estate-dev-c4a6d","EVENTARC_CLOUD_EVENT_SOURCE":"projects/real-estate-dev-c4a6d/locations/us-east1/services/stripeIdentityWebhook","FUNCTION_TARGET":"stripeIdentityWebhook","LOG_EXECUTION_ID":"true"},"maxInstanceCount":10,"ingressSettings":"ALLOW_ALL","uri":"https://stripeidentitywebhook-4cgtm2miea-ue.a.run.app","serviceAccountEmail":"875026004917-compute@developer.gserviceaccount.com","availableMemory":"256Mi","allTrafficOnLatestRevision":true,"secretEnvironmentVariables":[{"key":"STRIPE_SECRET_KEY","projectId":"real-estate-dev-c4a6d","secret":"STRIPE_SECRET_KEY","version":"4"},{"key":"STRIPE_IDENTITY_WEBHOOK_SECRET","projectId":"real-estate-dev-c4a6d","secret":"STRIPE_IDENTITY_WEBHOOK_SECRET","version":"1"}],"revision":"stripeidentitywebhook-00003-mos","maxInstanceRequestConcurrency":80,"availableCpu":"1"},"state":"ACTIVE","updateTime":"2026-08-07T15:26:00.986213150Z","labels":{"firebase-functions-hash":"df0faac462344b51b23d1c901308c13df45dc34c","deployment-tool":"cli-firebase"},"environment":"GEN_2","url":"https://us-east1-real-estate-dev-c4a6d.cloudfunctions.net/stripeIdentityWebhook","createTime":"2026-08-07T15:08:57.970780454Z","satisfiesPzi":true},{"name":"projects/real-estate-dev-c4a6d/locations/us-east1/functions/sendOtp","buildConfig":{"build":"projects/875026004917/locations/us-east1/builds/65f4e871-2afa-4a73-822f-eb3092c7142d","runtime":"nodejs24","entryPoint":"sendOtp","source":{"storageSource":{"bucket":"gcf-v2-sources-875026004917-us-east1","object":"sendOtp/function-source.zip","generation":"1785682539147773"}},"environmentVariables":{"GOOGLE_NODE_RUN_SCRIPTS":""},"dockerRepository":"projects/real-estate-dev-c4a6d/locations/us-east1/repositories/gcf-artifacts","sourceProvenance":{"resolvedStorageSource":{"bucket":"gcf-v2-sources-875026004917-us-east1","object":"sendOtp/function-source.zip","generation":"1785682539147773"}},"dockerRegistry":"ARTIFACT_REGISTRY","serviceAccount":"projects/real-estate-dev-c4a6d/serviceAccounts/875026004917-compute@developer.gserviceaccount.com","automaticUpdatePolicy":{}},"serviceConfig":{"service":"projects/real-estate-dev-c4a6d/locations/us-east1/services/sendotp","timeoutSeconds":60,"environmentVariables":{"OTP_FROM_EMAIL":"mschlotthauer@iloanfund.com","OTP_FROM_NAME":"NavStreet","OTP_SENDGRID_TEMPLATE_ID":"d-207b60d4a2ca4315a25d7a37d784c0d2","FIREBASE_CONFIG":"{\"projectId\":\"real-estate-dev-c4a6d\",\"storageBucket\":\"real-estate-dev-c4a6d.firebasestorage.app\"}","GCLOUD_PROJECT":"real-estate-dev-c4a6d","EVENTARC_CLOUD_EVENT_SOURCE":"projects/real-estate-dev-c4a6d/locations/us-east1/services/sendOtp","FUNCTION_TARGET":"sendOtp","LOG_EXECUTION_ID":"true"},"maxInstanceCount":10,"ingressSettings":"ALLOW_ALL","uri":"https://sendotp-4cgtm2miea-ue.a.run.app","serviceAccountEmail":"875026004917-compute@developer.gserviceaccount.com","availableMemory":"256Mi","allTrafficOnLatestRevision":true,"secretEnvironmentVariables":[{"key":"SENDGRID_API_KEY","projectId":"real-estate-dev-c4a6d","secret":"SENDGRID_API_KEY","version":"1"},{"key":"OTP_HASH_SECRET","projectId":"real-estate-dev-c4a6d","secret":"OTP_HASH_SECRET","version":"1"}],"revision":"sendotp-00003-civ","maxInstanceRequestConcurrency":80,"availableCpu":"1"},"state":"ACTIVE","updateTime":"2026-08-02T14:56:24.248030020Z","labels":{"firebase-functions-hash":"f50994966399e06d8895fbb0fc9cc12052ccdacd","deployment-tool":"cli-firebase","deployment-callable":"true"},"environment":"GEN_2","url":"https://us-east1-real-estate-dev-c4a6d.cloudfunctions.net/sendOtp","createTime":"2026-07-29T13:03:07.594984273Z","satisfiesPzi":true},{"name":"projects/real-estate-dev-c4a6d/locations/us-east1/functions/createIdentityVerificationSession","buildConfig":{"build":"projects/875026004917/locations/us-east1/builds/91c7392f-ea18-4cbd-a0f2-864ca86bfe3e","runtime":"nodejs24","entryPoint":"createIdentityVerificationSession","source":{"storageSource":{"bucket":"gcf-v2-sources-875026004917-us-east1","object":"createIdentityVerificationSession/function-source.zip","generation":"1786116312437635"}},"environmentVariables":{"GOOGLE_NODE_RUN_SCRIPTS":""},"dockerRepository":"projects/real-estate-dev-c4a6d/locations/us-east1/repositories/gcf-artifacts","sourceProvenance":{"resolvedStorageSource":{"bucket":"gcf-v2-sources-875026004917-us-east1","object":"createIdentityVerificationSession/function-source.zip","generation":"1786116312437635"}},"dockerRegistry":"ARTIFACT_REGISTRY","serviceAccount":"projects/real-estate-dev-c4a6d/serviceAccounts/875026004917-compute@developer.gserviceaccount.com","automaticUpdatePolicy":{}},"serviceConfig":{"service":"projects/real-estate-dev-c4a6d/locations/us-east1/services/createidentityverificationsession","timeoutSeconds":60,"environmentVariables":{"OTP_FROM_EMAIL":"mschlotthauer@iloanfund.com","OTP_FROM_NAME":"NavStreet","OTP_SENDGRID_TEMPLATE_ID":"d-207b60d4a2ca4315a25d7a37d784c0d2","FIREBASE_CONFIG":"{\"projectId\":\"real-estate-dev-c4a6d\",\"storageBucket\":\"real-estate-dev-c4a6d.firebasestorage.app\"}","GCLOUD_PROJECT":"real-estate-dev-c4a6d","EVENTARC_CLOUD_EVENT_SOURCE":"projects/real-estate-dev-c4a6d/locations/us-east1/services/createIdentityVerificationSession","FUNCTION_TARGET":"createIdentityVerificationSession","LOG_EXECUTION_ID":"true"},"maxInstanceCount":10,"ingressSettings":"ALLOW_ALL","uri":"https://createidentityverificationsession-4cgtm2miea-ue.a.run.app","serviceAccountEmail":"875026004917-compute@developer.gserviceaccount.com","availableMemory":"256Mi","allTrafficOnLatestRevision":true,"secretEnvironmentVariables":[{"key":"STRIPE_SECRET_KEY","projectId":"real-estate-dev-c4a6d","secret":"STRIPE_SECRET_KEY","version":"4"}],"revision":"createidentityverificationsession-00003-hib","maxInstanceRequestConcurrency":80,"availableCpu":"1"},"state":"ACTIVE","updateTime":"2026-08-07T15:26:01.328825937Z","labels":{"firebase-functions-hash":"d6c97f356f1c6dec06befc0b1499587310b0e800","deployment-tool":"cli-firebase","deployment-callable":"true"},"environment":"GEN_2","url":"https://us-east1-real-estate-dev-c4a6d.cloudfunctions.net/createIdentityVerificationSession","createTime":"2026-08-07T14:44:56.806685844Z","satisfiesPzi":true},{"name":"projects/real-estate-dev-c4a6d/locations/us-east1/functions/validateDiscountCode","buildConfig":{"build":"projects/875026004917/locations/us-east1/builds/ea419aba-6f4a-4871-a4b7-92bd427dabaa","runtime":"nodejs24","entryPoint":"validateDiscountCode","source":{"storageSource":{"bucket":"gcf-v2-sources-875026004917-us-east1","object":"validateDiscountCode/function-source.zip","generation":"1785682539077579"}},"environmentVariables":{"GOOGLE_NODE_RUN_SCRIPTS":""},"dockerRepository":"projects/real-estate-dev-c4a6d/locations/us-east1/repositories/gcf-artifacts","sourceProvenance":{"resolvedStorageSource":{"bucket":"gcf-v2-sources-875026004917-us-east1","object":"validateDiscountCode/function-source.zip","generation":"1785682539077579"}},"dockerRegistry":"ARTIFACT_REGISTRY","serviceAccount":"projects/real-estate-dev-c4a6d/serviceAccounts/875026004917-compute@developer.gserviceaccount.com","automaticUpdatePolicy":{}},"serviceConfig":{"service":"projects/real-estate-dev-c4a6d/locations/us-east1/services/validatediscountcode","timeoutSeconds":60,"environmentVariables":{"OTP_FROM_EMAIL":"mschlotthauer@iloanfund.com","OTP_FROM_NAME":"NavStreet","OTP_SENDGRID_TEMPLATE_ID":"d-207b60d4a2ca4315a25d7a37d784c0d2","FIREBASE_CONFIG":"{\"projectId\":\"real-estate-dev-c4a6d\",\"storageBucket\":\"real-estate-dev-c4a6d.firebasestorage.app\"}","GCLOUD_PROJECT":"real-estate-dev-c4a6d","EVENTARC_CLOUD_EVENT_SOURCE":"projects/real-estate-dev-c4a6d/locations/us-east1/services/validateDiscountCode","FUNCTION_TARGET":"validateDiscountCode","LOG_EXECUTION_ID":"true"},"maxInstanceCount":10,"ingressSettings":"ALLOW_ALL","uri":"https://validatediscountcode-4cgtm2miea-ue.a.run.app","serviceAccountEmail":"875026004917-compute@developer.gserviceaccount.com","availableMemory":"256Mi","allTrafficOnLatestRevision":true,"revision":"validatediscountcode-00002-kov","maxInstanceRequestConcurrency":80,"availableCpu":"1"},"state":"ACTIVE","updateTime":"2026-08-02T14:56:30.482299268Z","labels":{"deployment-callable":"true","firebase-functions-hash":"f2e51c8caf3cfb3a8cbd73ff30614b127660d797","deployment-tool":"cli-firebase"},"environment":"GEN_2","url":"https://us-east1-real-estate-dev-c4a6d.cloudfunctions.net/validateDiscountCode","createTime":"2026-08-02T12:59:02.006363010Z","satisfiesPzi":true}]}
[info] i  extensions: ensuring required API firebaseextensions.googleapis.com is enabled... 
[debug] [2026-08-07T17:15:37.414Z] > command requires scopes: ["email","openid","https://www.googleapis.com/auth/cloudplatformprojects.readonly","https://www.googleapis.com/auth/firebase","https://www.googleapis.com/auth/cloud-platform"]
[debug] [2026-08-07T17:15:37.414Z] > authorizing via signed-in user (mschlott61@gmail.com)
[debug] [2026-08-07T17:15:37.414Z] [iam] checking project real-estate-dev-c4a6d for permissions ["firebase.projects.get","firebaseextensions.instances.list"]
[debug] [2026-08-07T17:15:37.414Z] Checked if tokens are valid: true, expires at: 1786126465891
[debug] [2026-08-07T17:15:37.414Z] Checked if tokens are valid: true, expires at: 1786126465891
[debug] [2026-08-07T17:15:37.414Z] >>> [apiv2][query] POST https://cloudresourcemanager.googleapis.com/v1/projects/real-estate-dev-c4a6d:testIamPermissions [none]
[debug] [2026-08-07T17:15:37.414Z] >>> [apiv2][(partial)header] POST https://cloudresourcemanager.googleapis.com/v1/projects/real-estate-dev-c4a6d:testIamPermissions  x-goog-user-project=real-estate-dev-c4a6d
[debug] [2026-08-07T17:15:37.414Z] >>> [apiv2][body] POST https://cloudresourcemanager.googleapis.com/v1/projects/real-estate-dev-c4a6d:testIamPermissions {"permissions":["firebase.projects.get","firebaseextensions.instances.list"]}
[debug] [2026-08-07T17:15:37.580Z] <<< [apiv2][status] POST https://cloudresourcemanager.googleapis.com/v1/projects/real-estate-dev-c4a6d:testIamPermissions 200
[debug] [2026-08-07T17:15:37.580Z] <<< [apiv2][body] POST https://cloudresourcemanager.googleapis.com/v1/projects/real-estate-dev-c4a6d:testIamPermissions {"permissions":["firebase.projects.get","firebaseextensions.instances.list"]}
[debug] [2026-08-07T17:15:37.581Z] Checked if tokens are valid: true, expires at: 1786126465891
[debug] [2026-08-07T17:15:37.581Z] Checked if tokens are valid: true, expires at: 1786126465891
[debug] [2026-08-07T17:15:37.581Z] >>> [apiv2][query] GET https://firebaseextensions.googleapis.com/v1beta/projects/real-estate-dev-c4a6d/instances pageSize=100&pageToken=
[debug] [2026-08-07T17:15:37.875Z] <<< [apiv2][status] GET https://firebaseextensions.googleapis.com/v1beta/projects/real-estate-dev-c4a6d/instances 200
[debug] [2026-08-07T17:15:37.876Z] <<< [apiv2][body] GET https://firebaseextensions.googleapis.com/v1beta/projects/real-estate-dev-c4a6d/instances {}
[info] i  functions: Loaded environment variables from .env.real-estate-dev-c4a6d. 
[debug] [2026-08-07T17:15:37.878Z] Checked if tokens are valid: true, expires at: 1786126465891
[debug] [2026-08-07T17:15:37.878Z] Checked if tokens are valid: true, expires at: 1786126465891
[debug] [2026-08-07T17:15:37.878Z] >>> [apiv2][query] GET https://secretmanager.googleapis.com/v1/projects/real-estate-dev-c4a6d/secrets/SENDGRID_API_KEY [none]
[debug] [2026-08-07T17:15:38.070Z] <<< [apiv2][status] GET https://secretmanager.googleapis.com/v1/projects/real-estate-dev-c4a6d/secrets/SENDGRID_API_KEY 200
[debug] [2026-08-07T17:15:38.070Z] <<< [apiv2][body] GET https://secretmanager.googleapis.com/v1/projects/real-estate-dev-c4a6d/secrets/SENDGRID_API_KEY {"name":"projects/875026004917/secrets/SENDGRID_API_KEY","replication":{"automatic":{}},"createTime":"2026-07-29T12:49:37.899559Z","labels":{"firebase-managed":"functions"},"etag":"\"1657bf63649ae0\""}
[debug] [2026-08-07T17:15:38.071Z] Checked if tokens are valid: true, expires at: 1786126465891
[debug] [2026-08-07T17:15:38.071Z] Checked if tokens are valid: true, expires at: 1786126465891
[debug] [2026-08-07T17:15:38.071Z] >>> [apiv2][query] GET https://secretmanager.googleapis.com/v1/projects/real-estate-dev-c4a6d/secrets/SENDGRID_API_KEY/versions/latest [none]
[debug] [2026-08-07T17:15:38.190Z] <<< [apiv2][status] GET https://secretmanager.googleapis.com/v1/projects/real-estate-dev-c4a6d/secrets/SENDGRID_API_KEY/versions/latest 200
[debug] [2026-08-07T17:15:38.190Z] <<< [apiv2][body] GET https://secretmanager.googleapis.com/v1/projects/real-estate-dev-c4a6d/secrets/SENDGRID_API_KEY/versions/latest {"name":"projects/875026004917/secrets/SENDGRID_API_KEY/versions/1","createTime":"2026-07-29T12:49:58.028036Z","state":"ENABLED","replicationStatus":{"automatic":{}},"etag":"\"1657bf64939704\""}
[debug] [2026-08-07T17:15:38.191Z] Checked if tokens are valid: true, expires at: 1786126465891
[debug] [2026-08-07T17:15:38.191Z] Checked if tokens are valid: true, expires at: 1786126465891
[debug] [2026-08-07T17:15:38.191Z] >>> [apiv2][query] GET https://secretmanager.googleapis.com/v1/projects/real-estate-dev-c4a6d/secrets/OTP_HASH_SECRET [none]
[debug] [2026-08-07T17:15:38.296Z] <<< [apiv2][status] GET https://secretmanager.googleapis.com/v1/projects/real-estate-dev-c4a6d/secrets/OTP_HASH_SECRET 200
[debug] [2026-08-07T17:15:38.297Z] <<< [apiv2][body] GET https://secretmanager.googleapis.com/v1/projects/real-estate-dev-c4a6d/secrets/OTP_HASH_SECRET {"name":"projects/875026004917/secrets/OTP_HASH_SECRET","replication":{"automatic":{}},"createTime":"2026-07-29T12:51:39.959684Z","labels":{"firebase-managed":"functions"},"etag":"\"1657bf6aa9feb8\""}
[debug] [2026-08-07T17:15:38.297Z] Checked if tokens are valid: true, expires at: 1786126465891
[debug] [2026-08-07T17:15:38.297Z] Checked if tokens are valid: true, expires at: 1786126465891
[debug] [2026-08-07T17:15:38.297Z] >>> [apiv2][query] GET https://secretmanager.googleapis.com/v1/projects/real-estate-dev-c4a6d/secrets/OTP_HASH_SECRET/versions/latest [none]
[debug] [2026-08-07T17:15:38.425Z] <<< [apiv2][status] GET https://secretmanager.googleapis.com/v1/projects/real-estate-dev-c4a6d/secrets/OTP_HASH_SECRET/versions/latest 200
[debug] [2026-08-07T17:15:38.425Z] <<< [apiv2][body] GET https://secretmanager.googleapis.com/v1/projects/real-estate-dev-c4a6d/secrets/OTP_HASH_SECRET/versions/latest {"name":"projects/875026004917/secrets/OTP_HASH_SECRET/versions/1","createTime":"2026-07-29T12:51:50.590401Z","state":"ENABLED","replicationStatus":{"automatic":{}},"etag":"\"1657bf6b4927c1\""}
[debug] [2026-08-07T17:15:38.425Z] Checked if tokens are valid: true, expires at: 1786126465891
[debug] [2026-08-07T17:15:38.425Z] Checked if tokens are valid: true, expires at: 1786126465891
[debug] [2026-08-07T17:15:38.425Z] >>> [apiv2][query] GET https://secretmanager.googleapis.com/v1/projects/real-estate-dev-c4a6d/secrets/STRIPE_IDENTITY_WEBHOOK_SECRET [none]
[debug] [2026-08-07T17:15:38.537Z] <<< [apiv2][status] GET https://secretmanager.googleapis.com/v1/projects/real-estate-dev-c4a6d/secrets/STRIPE_IDENTITY_WEBHOOK_SECRET 200
[debug] [2026-08-07T17:15:38.537Z] <<< [apiv2][body] GET https://secretmanager.googleapis.com/v1/projects/real-estate-dev-c4a6d/secrets/STRIPE_IDENTITY_WEBHOOK_SECRET {"name":"projects/875026004917/secrets/STRIPE_IDENTITY_WEBHOOK_SECRET","replication":{"automatic":{}},"createTime":"2026-08-07T15:08:02.394269Z","labels":{"firebase-managed":"functions"},"etag":"\"1658765ef36f44\""}
[debug] [2026-08-07T17:15:38.537Z] Checked if tokens are valid: true, expires at: 1786126465891
[debug] [2026-08-07T17:15:38.537Z] Checked if tokens are valid: true, expires at: 1786126465891
[debug] [2026-08-07T17:15:38.537Z] >>> [apiv2][query] GET https://secretmanager.googleapis.com/v1/projects/real-estate-dev-c4a6d/secrets/STRIPE_IDENTITY_WEBHOOK_SECRET/versions/latest [none]
[debug] [2026-08-07T17:15:38.625Z] <<< [apiv2][status] GET https://secretmanager.googleapis.com/v1/projects/real-estate-dev-c4a6d/secrets/STRIPE_IDENTITY_WEBHOOK_SECRET/versions/latest 200
[debug] [2026-08-07T17:15:38.625Z] <<< [apiv2][body] GET https://secretmanager.googleapis.com/v1/projects/real-estate-dev-c4a6d/secrets/STRIPE_IDENTITY_WEBHOOK_SECRET/versions/latest {"name":"projects/875026004917/secrets/STRIPE_IDENTITY_WEBHOOK_SECRET/versions/1","createTime":"2026-08-07T15:08:07.963608Z","state":"ENABLED","replicationStatus":{"automatic":{}},"etag":"\"1658765f4457d8\""}
[debug] [2026-08-07T17:15:38.625Z] Checked if tokens are valid: true, expires at: 1786126465891
[debug] [2026-08-07T17:15:38.625Z] Checked if tokens are valid: true, expires at: 1786126465891
[debug] [2026-08-07T17:15:38.625Z] >>> [apiv2][query] GET https://secretmanager.googleapis.com/v1/projects/real-estate-dev-c4a6d/secrets/STRIPE_SECRET_KEY [none]
[debug] [2026-08-07T17:15:38.730Z] <<< [apiv2][status] GET https://secretmanager.googleapis.com/v1/projects/real-estate-dev-c4a6d/secrets/STRIPE_SECRET_KEY 200
[debug] [2026-08-07T17:15:38.731Z] <<< [apiv2][body] GET https://secretmanager.googleapis.com/v1/projects/real-estate-dev-c4a6d/secrets/STRIPE_SECRET_KEY {"name":"projects/875026004917/secrets/STRIPE_SECRET_KEY","replication":{"automatic":{}},"createTime":"2026-08-07T14:15:53.243048Z","labels":{"firebase-managed":"functions"},"etag":"\"165875a46f3cd6\""}
[debug] [2026-08-07T17:15:38.731Z] Checked if tokens are valid: true, expires at: 1786126465891
[debug] [2026-08-07T17:15:38.731Z] Checked if tokens are valid: true, expires at: 1786126465891
[debug] [2026-08-07T17:15:38.731Z] >>> [apiv2][query] GET https://secretmanager.googleapis.com/v1/projects/real-estate-dev-c4a6d/secrets/STRIPE_SECRET_KEY/versions/latest [none]
[debug] [2026-08-07T17:15:38.851Z] <<< [apiv2][status] GET https://secretmanager.googleapis.com/v1/projects/real-estate-dev-c4a6d/secrets/STRIPE_SECRET_KEY/versions/latest 200
[debug] [2026-08-07T17:15:38.851Z] <<< [apiv2][body] GET https://secretmanager.googleapis.com/v1/projects/real-estate-dev-c4a6d/secrets/STRIPE_SECRET_KEY/versions/latest {"name":"projects/875026004917/secrets/STRIPE_SECRET_KEY/versions/4","createTime":"2026-08-07T15:25:01.383410Z","state":"ENABLED","replicationStatus":{"automatic":{}},"etag":"\"1658769babe6f2\""}
[info] i  functions: preparing functions directory for uploading... 
[info] i  functions: packaged D:\Projects\real-estate\functions (156.63 KB) for uploading 
[info] i  functions: ensuring required API run.googleapis.com is enabled... 
[info] i  functions: ensuring required API eventarc.googleapis.com is enabled... 
[info] i  functions: ensuring required API pubsub.googleapis.com is enabled... 
[info] i  functions: ensuring required API storage.googleapis.com is enabled... 
[info] i  functions: generating the service identity for pubsub.googleapis.com... 
[debug] [2026-08-07T17:15:38.944Z] Checked if tokens are valid: true, expires at: 1786126465891
[debug] [2026-08-07T17:15:38.944Z] Checked if tokens are valid: true, expires at: 1786126465891
[info] i  functions: generating the service identity for eventarc.googleapis.com... 
[debug] [2026-08-07T17:15:38.945Z] Checked if tokens are valid: true, expires at: 1786126465891
[debug] [2026-08-07T17:15:38.945Z] Checked if tokens are valid: true, expires at: 1786126465891
[debug] [2026-08-07T17:15:38.945Z] >>> [apiv2][query] POST https://serviceusage.googleapis.com/v1beta1/projects/875026004917/services/pubsub.googleapis.com:generateServiceIdentity [none]
[debug] [2026-08-07T17:15:38.945Z] >>> [apiv2][(partial)header] POST https://serviceusage.googleapis.com/v1beta1/projects/875026004917/services/pubsub.googleapis.com:generateServiceIdentity  x-goog-user-project=875026004917
[debug] [2026-08-07T17:15:38.945Z] >>> [apiv2][body] POST https://serviceusage.googleapis.com/v1beta1/projects/875026004917/services/pubsub.googleapis.com:generateServiceIdentity {}
[debug] [2026-08-07T17:15:38.946Z] >>> [apiv2][query] POST https://serviceusage.googleapis.com/v1beta1/projects/875026004917/services/eventarc.googleapis.com:generateServiceIdentity [none]
[debug] [2026-08-07T17:15:38.946Z] >>> [apiv2][(partial)header] POST https://serviceusage.googleapis.com/v1beta1/projects/875026004917/services/eventarc.googleapis.com:generateServiceIdentity  x-goog-user-project=875026004917
[debug] [2026-08-07T17:15:38.946Z] >>> [apiv2][body] POST https://serviceusage.googleapis.com/v1beta1/projects/875026004917/services/eventarc.googleapis.com:generateServiceIdentity {}
[debug] [2026-08-07T17:15:39.331Z] <<< [apiv2][status] POST https://serviceusage.googleapis.com/v1beta1/projects/875026004917/services/eventarc.googleapis.com:generateServiceIdentity 200
[debug] [2026-08-07T17:15:39.331Z] <<< [apiv2][body] POST https://serviceusage.googleapis.com/v1beta1/projects/875026004917/services/eventarc.googleapis.com:generateServiceIdentity {"name":"operations/finished.DONE_OPERATION","done":true,"response":{"@type":"type.googleapis.com/google.api.serviceusage.v1beta1.ServiceIdentity","email":"service-875026004917@gcp-sa-eventarc.iam.gserviceaccount.com","uniqueId":"117714321040784395519"}}
[debug] [2026-08-07T17:15:39.337Z] <<< [apiv2][status] POST https://serviceusage.googleapis.com/v1beta1/projects/875026004917/services/pubsub.googleapis.com:generateServiceIdentity 200
[debug] [2026-08-07T17:15:39.337Z] <<< [apiv2][body] POST https://serviceusage.googleapis.com/v1beta1/projects/875026004917/services/pubsub.googleapis.com:generateServiceIdentity {"name":"operations/finished.DONE_OPERATION","done":true,"response":{"@type":"type.googleapis.com/google.api.serviceusage.v1beta1.ServiceIdentity","email":"service-875026004917@gcp-sa-pubsub.iam.gserviceaccount.com","uniqueId":"107198130564814730529"}}
[info] i  functions: ensuring required API secretmanager.googleapis.com is enabled... 
[debug] [2026-08-07T17:15:39.339Z] Checked if tokens are valid: true, expires at: 1786126465891
[debug] [2026-08-07T17:15:39.339Z] Checked if tokens are valid: true, expires at: 1786126465891
[debug] [2026-08-07T17:15:39.339Z] >>> [apiv2][query] GET https://secretmanager.googleapis.com/v1/projects/real-estate-dev-c4a6d/secrets/STRIPE_SECRET_KEY/versions/latest [none]
[debug] [2026-08-07T17:15:39.438Z] <<< [apiv2][status] GET https://secretmanager.googleapis.com/v1/projects/real-estate-dev-c4a6d/secrets/STRIPE_SECRET_KEY/versions/latest 200
[debug] [2026-08-07T17:15:39.438Z] <<< [apiv2][body] GET https://secretmanager.googleapis.com/v1/projects/real-estate-dev-c4a6d/secrets/STRIPE_SECRET_KEY/versions/latest {"name":"projects/875026004917/secrets/STRIPE_SECRET_KEY/versions/4","createTime":"2026-08-07T15:25:01.383410Z","state":"ENABLED","replicationStatus":{"automatic":{}},"etag":"\"1658769babe6f2\""}
[debug] [2026-08-07T17:15:39.438Z] Resolved secret version of STRIPE_SECRET_KEY to 4.
[debug] [2026-08-07T17:15:39.439Z] Checked if tokens are valid: true, expires at: 1786126465891
[debug] [2026-08-07T17:15:39.439Z] Checked if tokens are valid: true, expires at: 1786126465891
[debug] [2026-08-07T17:15:39.439Z] >>> [apiv2][query] GET https://cloudresourcemanager.googleapis.com/v1/projects/real-estate-dev-c4a6d [none]
[debug] [2026-08-07T17:15:39.555Z] <<< [apiv2][status] GET https://cloudresourcemanager.googleapis.com/v1/projects/real-estate-dev-c4a6d 200
[debug] [2026-08-07T17:15:39.555Z] <<< [apiv2][body] GET https://cloudresourcemanager.googleapis.com/v1/projects/real-estate-dev-c4a6d {"projectNumber":"875026004917","projectId":"real-estate-dev-c4a6d","lifecycleState":"ACTIVE","name":"Real Estate Dev","labels":{"firebase":"enabled","firebase-core":"disabled"},"createTime":"2026-07-25T13:34:52.253Z"}
[debug] [2026-08-07T17:15:39.556Z] Checked if tokens are valid: true, expires at: 1786126465891
[debug] [2026-08-07T17:15:39.556Z] Checked if tokens are valid: true, expires at: 1786126465891
[debug] [2026-08-07T17:15:39.556Z] >>> [apiv2][query] GET https://compute.googleapis.com/compute/v1/projects/875026004917 [none]
[debug] [2026-08-07T17:15:39.833Z] <<< [apiv2][status] GET https://compute.googleapis.com/compute/v1/projects/875026004917 403
[debug] [2026-08-07T17:15:39.833Z] <<< [apiv2][body] GET https://compute.googleapis.com/compute/v1/projects/875026004917 {"error":{"code":403,"message":"Compute Engine API has not been used in project 875026004917 before or it is disabled. Enable it by visiting https://console.developers.google.com/apis/api/compute.googleapis.com/overview?project=875026004917 then retry. If you enabled this API recently, wait a few minutes for the action to propagate to our systems and retry.","errors":[{"message":"Compute Engine API has not been used in project 875026004917 before or it is disabled. Enable it by visiting https://console.developers.google.com/apis/api/compute.googleapis.com/overview?project=875026004917 then retry. If you enabled this API recently, wait a few minutes for the action to propagate to our systems and retry.","domain":"usageLimits","reason":"accessNotConfigured","extendedHelp":"https://console.developers.google.com"}],"status":"PERMISSION_DENIED","details":[{"@type":"type.googleapis.com/google.rpc.ErrorInfo","reason":"SERVICE_DISABLED","domain":"googleapis.com","metadata":{"serviceTitle":"Compute Engine API","consumer":"projects/875026004917","activationUrl":"https://console.developers.google.com/apis/api/compute.googleapis.com/overview?project=875026004917","service":"compute.googleapis.com","containerInfo":"875026004917"}},{"@type":"type.googleapis.com/google.rpc.LocalizedMessage","locale":"en-US","message":"Compute Engine API has not been used in project 875026004917 before or it is disabled. Enable it by visiting https://console.developers.google.com/apis/api/compute.googleapis.com/overview?project=875026004917 then retry. If you enabled this API recently, wait a few minutes for the action to propagate to our systems and retry."},{"@type":"type.googleapis.com/google.rpc.Help","links":[{"description":"Google developers console API activation","url":"https://console.developers.google.com/apis/api/compute.googleapis.com/overview?project=875026004917"}]}]}}
[debug] [2026-08-07T17:15:39.833Z] unable to look up default compute service account. Falling back to 875026004917-compute@developer.gserviceaccount.com. Error: {"name":"FirebaseError","children":[],"context":{"body":{"error":{"code":403,"message":"Compute Engine API has not been used in project 875026004917 before or it is disabled. Enable it by visiting https://console.developers.google.com/apis/api/compute.googleapis.com/overview?project=875026004917 then retry. If you enabled this API recently, wait a few minutes for the action to propagate to our systems and retry.","errors":[{"message":"Compute Engine API has not been used in project 875026004917 before or it is disabled. Enable it by visiting https://console.developers.google.com/apis/api/compute.googleapis.com/overview?project=875026004917 then retry. If you enabled this API recently, wait a few minutes for the action to propagate to our systems and retry.","domain":"usageLimits","reason":"accessNotConfigured","extendedHelp":"https://console.developers.google.com"}],"status":"PERMISSION_DENIED","details":[{"@type":"type.googleapis.com/google.rpc.ErrorInfo","reason":"SERVICE_DISABLED","domain":"googleapis.com","metadata":{"serviceTitle":"Compute Engine API","consumer":"projects/875026004917","activationUrl":"https://console.developers.google.com/apis/api/compute.googleapis.com/overview?project=875026004917","service":"compute.googleapis.com","containerInfo":"875026004917"}},{"@type":"type.googleapis.com/google.rpc.LocalizedMessage","locale":"en-US","message":"Compute Engine API has not been used in project 875026004917 before or it is disabled. Enable it by visiting https://console.developers.google.com/apis/api/compute.googleapis.com/overview?project=875026004917 then retry. If you enabled this API recently, wait a few minutes for the action to propagate to our systems and retry."},{"@type":"type.googleapis.com/google.rpc.Help","links":[{"description":"Google developers console API activation","url":"https://console.developers.google.com/apis/api/compute.googleapis.com/overview?project=875026004917"}]}]}},"response":{"statusCode":403}},"exit":1,"message":"Request to https://compute.googleapis.com/compute/v1/projects/875026004917 had HTTP Error: 403, Compute Engine API has not been used in project 875026004917 before or it is disabled. Enable it by visiting https://console.developers.google.com/apis/api/compute.googleapis.com/overview?project=875026004917 then retry. If you enabled this API recently, wait a few minutes for the action to propagate to our systems and retry.","status":403}
[debug] [2026-08-07T17:15:39.833Z] Checked if tokens are valid: true, expires at: 1786126465891
[debug] [2026-08-07T17:15:39.833Z] Checked if tokens are valid: true, expires at: 1786126465891
[debug] [2026-08-07T17:15:39.833Z] >>> [apiv2][query] GET https://compute.googleapis.com/compute/v1/projects/875026004917 [none]
[debug] [2026-08-07T17:15:39.940Z] <<< [apiv2][status] GET https://compute.googleapis.com/compute/v1/projects/875026004917 403
[debug] [2026-08-07T17:15:39.940Z] <<< [apiv2][body] GET https://compute.googleapis.com/compute/v1/projects/875026004917 {"error":{"code":403,"message":"Compute Engine API has not been used in project 875026004917 before or it is disabled. Enable it by visiting https://console.developers.google.com/apis/api/compute.googleapis.com/overview?project=875026004917 then retry. If you enabled this API recently, wait a few minutes for the action to propagate to our systems and retry.","errors":[{"message":"Compute Engine API has not been used in project 875026004917 before or it is disabled. Enable it by visiting https://console.developers.google.com/apis/api/compute.googleapis.com/overview?project=875026004917 then retry. If you enabled this API recently, wait a few minutes for the action to propagate to our systems and retry.","domain":"usageLimits","reason":"accessNotConfigured","extendedHelp":"https://console.developers.google.com"}],"status":"PERMISSION_DENIED","details":[{"@type":"type.googleapis.com/google.rpc.ErrorInfo","reason":"SERVICE_DISABLED","domain":"googleapis.com","metadata":{"consumer":"projects/875026004917","activationUrl":"https://console.developers.google.com/apis/api/compute.googleapis.com/overview?project=875026004917","serviceTitle":"Compute Engine API","containerInfo":"875026004917","service":"compute.googleapis.com"}},{"@type":"type.googleapis.com/google.rpc.LocalizedMessage","locale":"en-US","message":"Compute Engine API has not been used in project 875026004917 before or it is disabled. Enable it by visiting https://console.developers.google.com/apis/api/compute.googleapis.com/overview?project=875026004917 then retry. If you enabled this API recently, wait a few minutes for the action to propagate to our systems and retry."},{"@type":"type.googleapis.com/google.rpc.Help","links":[{"description":"Google developers console API activation","url":"https://console.developers.google.com/apis/api/compute.googleapis.com/overview?project=875026004917"}]}]}}
[debug] [2026-08-07T17:15:39.940Z] unable to look up default compute service account. Falling back to 875026004917-compute@developer.gserviceaccount.com. Error: {"name":"FirebaseError","children":[],"context":{"body":{"error":{"code":403,"message":"Compute Engine API has not been used in project 875026004917 before or it is disabled. Enable it by visiting https://console.developers.google.com/apis/api/compute.googleapis.com/overview?project=875026004917 then retry. If you enabled this API recently, wait a few minutes for the action to propagate to our systems and retry.","errors":[{"message":"Compute Engine API has not been used in project 875026004917 before or it is disabled. Enable it by visiting https://console.developers.google.com/apis/api/compute.googleapis.com/overview?project=875026004917 then retry. If you enabled this API recently, wait a few minutes for the action to propagate to our systems and retry.","domain":"usageLimits","reason":"accessNotConfigured","extendedHelp":"https://console.developers.google.com"}],"status":"PERMISSION_DENIED","details":[{"@type":"type.googleapis.com/google.rpc.ErrorInfo","reason":"SERVICE_DISABLED","domain":"googleapis.com","metadata":{"consumer":"projects/875026004917","activationUrl":"https://console.developers.google.com/apis/api/compute.googleapis.com/overview?project=875026004917","serviceTitle":"Compute Engine API","containerInfo":"875026004917","service":"compute.googleapis.com"}},{"@type":"type.googleapis.com/google.rpc.LocalizedMessage","locale":"en-US","message":"Compute Engine API has not been used in project 875026004917 before or it is disabled. Enable it by visiting https://console.developers.google.com/apis/api/compute.googleapis.com/overview?project=875026004917 then retry. If you enabled this API recently, wait a few minutes for the action to propagate to our systems and retry."},{"@type":"type.googleapis.com/google.rpc.Help","links":[{"description":"Google developers console API activation","url":"https://console.developers.google.com/apis/api/compute.googleapis.com/overview?project=875026004917"}]}]}},"response":{"statusCode":403}},"exit":1,"message":"Request to https://compute.googleapis.com/compute/v1/projects/875026004917 had HTTP Error: 403, Compute Engine API has not been used in project 875026004917 before or it is disabled. Enable it by visiting https://console.developers.google.com/apis/api/compute.googleapis.com/overview?project=875026004917 then retry. If you enabled this API recently, wait a few minutes for the action to propagate to our systems and retry.","status":403}
[debug] [2026-08-07T17:15:39.941Z] Checked if tokens are valid: true, expires at: 1786126465891
[debug] [2026-08-07T17:15:39.941Z] Checked if tokens are valid: true, expires at: 1786126465891
[debug] [2026-08-07T17:15:39.941Z] >>> [apiv2][query] GET https://cloudbilling.googleapis.com/v1/projects/real-estate-dev-c4a6d/billingInfo [none]
[debug] [2026-08-07T17:15:40.158Z] <<< [apiv2][status] GET https://cloudbilling.googleapis.com/v1/projects/real-estate-dev-c4a6d/billingInfo 200
[debug] [2026-08-07T17:15:40.159Z] <<< [apiv2][body] GET https://cloudbilling.googleapis.com/v1/projects/real-estate-dev-c4a6d/billingInfo {"name":"projects/real-estate-dev-c4a6d/billingInfo","projectId":"real-estate-dev-c4a6d","billingAccountName":"billingAccounts/01F9F3-C9D9FF-2407F9","billingEnabled":true}
[debug] [2026-08-07T17:15:40.160Z] Checked if tokens are valid: true, expires at: 1786126465891
[debug] [2026-08-07T17:15:40.160Z] Checked if tokens are valid: true, expires at: 1786126465891
[debug] [2026-08-07T17:15:40.160Z] >>> [apiv2][query] POST https://cloudfunctions.googleapis.com/v2/projects/real-estate-dev-c4a6d/locations/us-east1/functions:generateUploadUrl [none]
[debug] [2026-08-07T17:15:40.380Z] <<< [apiv2][status] POST https://cloudfunctions.googleapis.com/v2/projects/real-estate-dev-c4a6d/locations/us-east1/functions:generateUploadUrl 200
[debug] [2026-08-07T17:15:40.380Z] <<< [apiv2][body] POST https://cloudfunctions.googleapis.com/v2/projects/real-estate-dev-c4a6d/locations/us-east1/functions:generateUploadUrl {"uploadUrl":"https://storage.googleapis.com/gcf-v2-uploads-875026004917.us-east1.cloudfunctions.appspot.com/be007238-b920-4deb-a432-dda1cf41ccc0.zip?GoogleAccessId=service-875026004917@gcf-admin-robot.iam.gserviceaccount.com&Expires=1786124740&Signature=c%2BSxtAGNQj%2B%2FG7AHDRaZRvomkt3rkU2ZqpQBJMzH432laR2bfr8koOQIOH7ZFj%2BxBsmrW1te6T3m5EFSQiZ17CUgi62S91bj2PmK2HMefaX9RlMVpFOBPFP3940Vpbj4PliA%2BJFYmY13KlagUa9lqnmGdKUsHU7Uvpt9bzWg1POmBesKngT1SVoiaWac1kz80Fza%2FG65XFcnbam1UvoTEvokMJWbsPHrvWHZACk8TrTxL9arpaqwOsQkEIz%2FbSfiotRsGMcPzyiehRO%2FCzAbYa4VjSkIEnyJjabpRiwdv%2FqIpqfqW5NBaPelaaUoqcdp4%2BYigMp%2FE2xXZiSLS7pj5w%3D%3D","storageSource":{"bucket":"gcf-v2-uploads-875026004917.us-east1.cloudfunctions.appspot.com","object":"be007238-b920-4deb-a432-dda1cf41ccc0.zip"}}
[debug] [2026-08-07T17:15:40.381Z] >>> [apiv2][query] PUT https://storage.googleapis.com/gcf-v2-uploads-875026004917.us-east1.cloudfunctions.appspot.com/be007238-b920-4deb-a432-dda1cf41ccc0.zip GoogleAccessId=service-875026004917%40gcf-admin-robot.iam.gserviceaccount.com&Expires=1786124740&Signature=c%2BSxtAGNQj%2B%2FG7AHDRaZRvomkt3rkU2ZqpQBJMzH432laR2bfr8koOQIOH7ZFj%2BxBsmrW1te6T3m5EFSQiZ17CUgi62S91bj2PmK2HMefaX9RlMVpFOBPFP3940Vpbj4PliA%2BJFYmY13KlagUa9lqnmGdKUsHU7Uvpt9bzWg1POmBesKngT1SVoiaWac1kz80Fza%2FG65XFcnbam1UvoTEvokMJWbsPHrvWHZACk8TrTxL9arpaqwOsQkEIz%2FbSfiotRsGMcPzyiehRO%2FCzAbYa4VjSkIEnyJjabpRiwdv%2FqIpqfqW5NBaPelaaUoqcdp4%2BYigMp%2FE2xXZiSLS7pj5w%3D%3D
[debug] [2026-08-07T17:15:40.381Z] >>> [apiv2][body] PUT https://storage.googleapis.com/gcf-v2-uploads-875026004917.us-east1.cloudfunctions.appspot.com/be007238-b920-4deb-a432-dda1cf41ccc0.zip [stream]
[debug] [2026-08-07T17:15:40.686Z] <<< [apiv2][status] PUT https://storage.googleapis.com/gcf-v2-uploads-875026004917.us-east1.cloudfunctions.appspot.com/be007238-b920-4deb-a432-dda1cf41ccc0.zip 200
[debug] [2026-08-07T17:15:40.686Z] <<< [apiv2][body] PUT https://storage.googleapis.com/gcf-v2-uploads-875026004917.us-east1.cloudfunctions.appspot.com/be007238-b920-4deb-a432-dda1cf41ccc0.zip [omitted]
[info] +  functions: functions source uploaded successfully 
[info] i  functions: updating Node.js 24 (2nd Gen) function createListingCheckoutSession(us-east1)... 
[debug] [2026-08-07T17:15:40.689Z] Checked if tokens are valid: true, expires at: 1786126465891
[debug] [2026-08-07T17:15:40.689Z] Checked if tokens are valid: true, expires at: 1786126465891
[debug] [2026-08-07T17:15:40.689Z] >>> [apiv2][query] PATCH https://cloudfunctions.googleapis.com/v2/projects/real-estate-dev-c4a6d/locations/us-east1/functions/createListingCheckoutSession updateMask=name%2CbuildConfig.runtime%2CbuildConfig.entryPoint%2CbuildConfig.source.storageSource.bucket%2CbuildConfig.source.storageSource.object%2CbuildConfig.environmentVariables%2CbuildConfig.sourceToken%2CserviceConfig.environmentVariables%2CserviceConfig.secretEnvironmentVariables%2CserviceConfig.ingressSettings%2CserviceConfig.timeoutSeconds%2CserviceConfig.serviceAccountEmail%2CserviceConfig.availableMemory%2CserviceConfig.minInstanceCount%2CserviceConfig.maxInstanceCount%2CserviceConfig.maxInstanceRequestConcurrency%2CserviceConfig.availableCpu%2CserviceConfig.vpcConnector%2CserviceConfig.vpcConnectorEgressSettings%2CserviceConfig.directVpcNetworkInterface%2CserviceConfig.directVpcEgress%2Clabels
[debug] [2026-08-07T17:15:40.689Z] >>> [apiv2][body] PATCH https://cloudfunctions.googleapis.com/v2/projects/real-estate-dev-c4a6d/locations/us-east1/functions/createListingCheckoutSession {"name":"projects/real-estate-dev-c4a6d/locations/us-east1/functions/createListingCheckoutSession","buildConfig":{"runtime":"nodejs24","entryPoint":"createListingCheckoutSession","source":{"storageSource":{"bucket":"gcf-v2-uploads-875026004917.us-east1.cloudfunctions.appspot.com","object":"be007238-b920-4deb-a432-dda1cf41ccc0.zip"}},"environmentVariables":{"GOOGLE_NODE_RUN_SCRIPTS":""}},"serviceConfig":{"environmentVariables":{"OTP_FROM_EMAIL":"mschlotthauer@iloanfund.com","OTP_FROM_NAME":"NavStreet","OTP_SENDGRID_TEMPLATE_ID":"d-207b60d4a2ca4315a25d7a37d784c0d2","FIREBASE_CONFIG":"{\"projectId\":\"real-estate-dev-c4a6d\",\"storageBucket\":\"real-estate-dev-c4a6d.firebasestorage.app\"}","GCLOUD_PROJECT":"real-estate-dev-c4a6d","EVENTARC_CLOUD_EVENT_SOURCE":"projects/real-estate-dev-c4a6d/locations/us-east1/services/createListingCheckoutSession","FUNCTION_TARGET":"createListingCheckoutSession","LOG_EXECUTION_ID":"true"},"secretEnvironmentVariables":[{"key":"STRIPE_SECRET_KEY","secret":"STRIPE_SECRET_KEY","projectId":"real-estate-dev-c4a6d","version":"4"}],"ingressSettings":null,"timeoutSeconds":60,"serviceAccountEmail":null,"availableMemory":"256Mi","minInstanceCount":null,"maxInstanceCount":10,"maxInstanceRequestConcurrency":80,"availableCpu":"1","vpcConnector":null,"vpcConnectorEgressSettings":null,"directVpcNetworkInterface":null,"directVpcEgress":null},"labels":{"deployment-tool":"cli-firebase","deployment-callable":"true","firebase-functions-hash":"5ae1194cfeef6ddb25047c9e91d20002c7eaed0e"}}
[debug] [2026-08-07T17:15:40.816Z] <<< [apiv2][status] PATCH https://cloudfunctions.googleapis.com/v2/projects/real-estate-dev-c4a6d/locations/us-east1/functions/createListingCheckoutSession 409
[debug] [2026-08-07T17:15:40.817Z] <<< [apiv2][body] PATCH https://cloudfunctions.googleapis.com/v2/projects/real-estate-dev-c4a6d/locations/us-east1/functions/createListingCheckoutSession {"error":{"code":409,"message":"The resource is being created and therefore can not be updated yet","status":"ABORTED","details":[{"@type":"type.googleapis.com/google.rpc.ResourceInfo","resourceName":"projects/real-estate-dev-c4a6d/locations/us-east1/functions/createListingCheckoutSession"}]}}
[warn] !  functions: Request to https://cloudfunctions.googleapis.com/v2/projects/real-estate-dev-c4a6d/locations/us-east1/functions/createListingCheckoutSession?updateMask=name%2CbuildConfig.runtime%2CbuildConfig.entryPoint%2CbuildConfig.source.storageSource.bucket%2CbuildConfig.source.storageSource.object%2CbuildConfig.environmentVariables%2CbuildConfig.sourceToken%2CserviceConfig.environmentVariables%2CserviceConfig.secretEnvironmentVariables%2CserviceConfig.ingressSettings%2CserviceConfig.timeoutSeconds%2CserviceConfig.serviceAccountEmail%2CserviceConfig.availableMemory%2CserviceConfig.minInstanceCount%2CserviceConfig.maxInstanceCount%2CserviceConfig.maxInstanceRequestConcurrency%2CserviceConfig.availableCpu%2CserviceConfig.vpcConnector%2CserviceConfig.vpcConnectorEgressSettings%2CserviceConfig.directVpcNetworkInterface%2CserviceConfig.directVpcEgress%2Clabels had HTTP Error: 409, The resource is being created and therefore can not be updated yet 
[warn] !  functions:  failed to update function projects/real-estate-dev-c4a6d/locations/us-east1/functions/createListingCheckoutSession 
